C:\Users\lenovo\Documents\now\airvista-main\Flight-\src\main\java\com\Booking\config\AmadeusConfig.java
C:\Users\lenovo\Documents\now\airvista-main\Flight-\src\main\java\com\Booking\config\AppConfig.java
C:\Users\lenovo\Documents\now\airvista-main\Flight-\src\main\java\com\Booking\controller\BookingController.java
C:\Users\lenovo\Documents\now\airvista-main\Flight-\src\main\java\com\Booking\controller\ChatbotController.java
C:\Users\lenovo\Documents\now\airvista-main\Flight-\src\main\java\com\Booking\controller\FlightController.java
C:\Users\lenovo\Documents\now\airvista-main\Flight-\src\main\java\com\Booking\dto\BookingRequest.java
C:\Users\lenovo\Documents\now\airvista-main\Flight-\src\main\java\com\Booking\dto\FlightOfferDTO.java
C:\Users\lenovo\Documents\now\airvista-main\Flight-\src\main\java\com\Booking\FlightApplication.java
C:\Users\lenovo\Documents\now\airvista-main\Flight-\src\main\java\com\Booking\model\Booking.java
C:\Users\lenovo\Documents\now\airvista-main\Flight-\src\main\java\com\Booking\model\FlightBookingRequest.java
C:\Users\lenovo\Documents\now\airvista-main\Flight-\src\main\java\com\Booking\repository\BookingRepository.java
C:\Users\lenovo\Documents\now\airvista-main\Flight-\src\main\java\com\Booking\service\BookingService.java
C:\Users\lenovo\Documents\now\airvista-main\Flight-\src\main\java\com\Booking\service\EmailService.java
C:\Users\lenovo\Documents\now\airvista-main\Flight-\src\main\java\com\Booking\service\FlightService.java
C:\Users\lenovo\Documents\now\airvista-main\Flight-\src\main\java\com\Booking\util\TicketGenerator.java
C:\Users\lenovo\Documents\now\airvista-main\Flight-\src\main\java\com\Booking\util\TicketPdfGenerator.java
